// Jest Snapshot v1, https://goo.gl/fbAQLP

exports[`Confirm Order Form on Submit 1`] = `
<DocumentFragment>
  .emotion-0 {
  background-color: rgba(0,168,133,1);
  border: none;
  border-radius: .25rem;
  color: white;
  cursor: pointer;
  font-size: 1.2rem;
  padding: .75rem 0;
  -webkit-transition: all 200ms ease;
  transition: all 200ms ease;
  text-align: center;
  font-weight: bold;
  text-transform: uppercase;
  width: 100%;
  background-color: rgba(255,210,0,1);
  color: white;
}

.emotion-0:hover {
  background-color: rgba(0,168,133,0.8);
  color: white;
}

.emotion-0:hover {
  background-color: rgba(255,210,0,0.9);
  color: white;
}

<div>
    <button
      class="emotion-0"
    >
      Confirm Order
    </button>
  </div>
</DocumentFragment>
`;
