// Jest Snapshot v1, https://goo.gl/fbAQLP

exports[`Counter component 1`] = `
<DocumentFragment>
  .emotion-3 {
  display: -webkit-box;
  display: -webkit-flex;
  display: -ms-flexbox;
  display: flex;
  -webkit-box-pack: justify;
  -webkit-justify-content: space-between;
  -ms-flex-pack: justify;
  justify-content: space-between;
  margin: 10px;
}

.emotion-0 {
  border: 2px solid black;
  background-color: red;
  padding: 5px 10px;
  color: white;
}

.emotion-1 {
  padding: 5px 10px;
  font-size: 1.3em;
  font-family: Arial;
}

.emotion-2 {
  border: 2px solid black;
  background-color: green;
  padding: 5px 10px;
  color: white;
}

<div
    class="emotion-3"
  >
    <button
      class="emotion-0"
    >
      -
    </button>
    <span
      class="emotion-1"
    />
    <button
      class="emotion-2"
    >
      +
    </button>
  </div>
</DocumentFragment>
`;
