// Jest Snapshot v1, https://goo.gl/fbAQLP

exports[`Login Form on Submit 1`] = `
<DocumentFragment>
  .emotion-0 {
  display: -webkit-box;
  display: -webkit-flex;
  display: -ms-flexbox;
  display: flex;
  -webkit-flex-direction: flex-end;
  -ms-flex-direction: flex-end;
  flex-direction: flex-end;
  -webkit-align-items: center;
  -webkit-box-align: center;
  -ms-flex-align: center;
  align-items: center;
}

<div
    class="emotion-0"
  >
    <p />
    <div>
      <i
        aria-hidden="true"
        class="star outline small icon"
      />
    </div>
  </div>
</DocumentFragment>
`;
