// Jest Snapshot v1, https://goo.gl/fbAQLP

exports[`Login Form on Submit 1`] = `
<DocumentFragment>
  .emotion-5 {
  background: rgb(255,210,0);
  border-radius: .5em;
  box-shadow: 0px 2px 5px 0px rgba(0,0,0,.12);
  box-sizing: border-box;
  padding: 2rem;
  width: 100%;
  max-width: 450px;
  position: absolute;
  left: 50%;
  top: 50%;
  -webkit-transform: translate(-50%,-50%);
  -ms-transform: translate(-50%,-50%);
  transform: translate(-50%,-50%);
}

.emotion-1 {
  margin: 2rem 0;
}

.emotion-0 {
  background: white;
  border: 1px solid #eaeaea;
  border-radius: .25rem;
  text-align: center;
  box-sizing: border-box;
  display: block;
  font-size: 1.5rem;
  padding: .5rem;
  width: 100%;
}

.emotion-0:focus {
  outline: none;
}

.emotion-4 {
  background-color: rgba(0,168,133,1);
  border: none;
  border-radius: .25rem;
  color: white;
  cursor: pointer;
  font-size: 1.2rem;
  padding: .75rem 0;
  -webkit-transition: all 200ms ease;
  transition: all 200ms ease;
  text-align: center;
  font-weight: bold;
  text-transform: uppercase;
  width: 100%;
}

.emotion-4:hover {
  background-color: rgba(0,168,133,0.8);
  color: white;
}

<div>
    <div
      class="emotion-5"
    >
      <form>
        <img
          alt="Glovo Logo"
          src="glovo386.png"
        />
        <div
          class="emotion-1"
        >
          <input
            aria-label="Enter your e-mail"
            class="emotion-0"
            placeholder="Enter your e-mail"
            type="email"
          />
        </div>
        <div
          class="emotion-1"
        >
          <input
            aria-label="Enter your password"
            class="emotion-0"
            placeholder="Enter your password"
            type="password"
          />
        </div>
        <button
          class="emotion-4"
        >
          Submit
        </button>
      </form>
    </div>
  </div>
</DocumentFragment>
`;
